[2026-04-15 21:40:37] [INFO] Starting story generation: Test Story
[2026-04-15 21:40:37] [INFO] [RUN_FULL] Starting: Test Story
[2026-04-15 21:40:37] [INFO] [RUN_FULL] Story created: 61baf9a8-6303-4206-9685-65c372be25d1
[2026-04-15 21:40:37] [INFO] [_RUN_PLAN] Generating 10 beats
[2026-04-15 21:40:38] [INFO] [_RUN_PLAN] 8 beats saved
[2026-04-15 21:40:38] [INFO] [_RUN_NARRATE_ALL] Starting
[2026-04-15 21:40:38] [INFO] [_RUN_NARRATE_ALL] Beat #1 (1/8)
[2026-04-15 21:40:38] [INFO] [_RUN_NARRATE_ALL] Beat #1 completed
[2026-04-15 21:40:38] [INFO] [_RUN_NARRATE_ALL] Beat #2 (2/8)
[2026-04-15 21:40:38] [INFO] [_RUN_NARRATE_ALL] Beat #2 completed
[2026-04-15 21:40:38] [INFO] [_RUN_NARRATE_ALL] Beat #3 (3/8)
[2026-04-15 21:40:38] [INFO] [_RUN_NARRATE_ALL] Beat #3 completed
[2026-04-15 21:40:38] [INFO] [_RUN_NARRATE_ALL] Beat #4 (4/8)
[2026-04-15 21:40:38] [INFO] [_RUN_NARRATE_ALL] Beat #4 completed
[2026-04-15 21:40:38] [INFO] [_RUN_NARRATE_ALL] Beat #5 (5/8)
[2026-04-15 21:40:38] [INFO] [_RUN_NARRATE_ALL] Beat #5 completed
[2026-04-15 21:40:38] [INFO] [_RUN_NARRATE_ALL] Beat #6 (6/8)
[2026-04-15 21:40:38] [INFO] [_RUN_NARRATE_ALL] Beat #6 completed
[2026-04-15 21:40:38] [INFO] [_RUN_NARRATE_ALL] Beat #7 (7/8)
[2026-04-15 21:40:38] [INFO] [_RUN_NARRATE_ALL] Beat #7 completed
[2026-04-15 21:40:38] [INFO] [_RUN_NARRATE_ALL] Beat #8 (8/8)
[2026-04-15 21:40:38] [INFO] [_RUN_NARRATE_ALL] Beat #8 completed
[2026-04-15 21:40:38] [INFO] [_RUN_NARRATE_ALL] All beats completed
[2026-04-15 21:40:38] [INFO] [RUN_FULL] Completed: Test Story
[2026-04-15 21:40:38] [INFO] Story generation completed: Test Story
